--------------------------------------------------------------------------------
Release 14.7 Trace  (lin64)
Copyright (c) 1995-2013 Xilinx, Inc.  All rights reserved.

/home/konda/.xilinx/14.7/ISE_DS/ISE/bin/lin64/unwrapped/trce -intstyle ise -v 3
-s 5 -n 3 -fastpaths -xml bin7seg.twx bin7seg.ncd -o bin7seg.twr bin7seg.pcf
-ucf io_map.ucf

Design file:              bin7seg.ncd
Physical constraint file: bin7seg.pcf
Device,package,speed:     xc3s1200e,fg320,-5 (PRODUCTION 1.27 2013-10-13)
Report level:             verbose report

Environment Variable      Effect 
--------------------      ------ 
NONE                      No environment variables were set
--------------------------------------------------------------------------------

INFO:Timing:2698 - No timing constraints found, doing default enumeration.
INFO:Timing:3412 - To improve timing, see the Timing Closure User Guide (UG612).
INFO:Timing:2752 - To get complete path coverage, use the unconstrained paths 
   option. All paths that are not constrained will be reported in the 
   unconstrained paths section(s) of the report.
INFO:Timing:3339 - The clock-to-out numbers in this timing report are based on 
   a 50 Ohm transmission line loading model.  For the details of this model, 
   and for more information on accounting for different loading conditions, 
   please see the device datasheet.
INFO:Timing:3390 - This architecture does not support a default System Jitter 
   value, please add SYSTEM_JITTER constraint to the UCF to modify the Clock 
   Uncertainty calculation.
INFO:Timing:3389 - This architecture does not support 'Discrete Jitter' and 
   'Phase Error' calculations, these terms will be zero in the Clock 
   Uncertainty calculation.  Please make appropriate modification to 
   SYSTEM_JITTER to account for the unsupported Discrete Jitter and Phase 
   Error.



Data Sheet report:
-----------------
All values displayed in nanoseconds (ns)

Pad to Pad
---------------+---------------+---------+
Source Pad     |Destination Pad|  Delay  |
---------------+---------------+---------+
X1             |A              |    7.994|
X1             |B              |    7.511|
X1             |C              |    8.308|
X1             |D              |    7.663|
X1             |E              |    8.196|
X1             |F              |    7.050|
X1             |G              |    6.694|
X1             |N0             |    6.979|
X1             |N1             |    6.352|
X1             |N2             |    8.535|
X1             |N3             |    7.694|
X2             |A              |    7.013|
X2             |B              |    7.282|
X2             |C              |    8.281|
X2             |D              |    7.672|
X2             |E              |    7.996|
X2             |F              |    7.082|
X2             |G              |    6.128|
X2             |N0             |    6.713|
X2             |N1             |    6.063|
X2             |N2             |    8.575|
X2             |N3             |    7.729|
X3             |A              |    7.424|
X3             |B              |    6.341|
X3             |C              |    7.641|
X3             |D              |    6.794|
X3             |E              |    7.060|
X3             |F              |    6.154|
X3             |G              |    5.697|
X4             |A              |    7.512|
X4             |B              |    5.928|
X4             |C              |    7.046|
X4             |D              |    6.516|
X4             |E              |    6.591|
X4             |F              |    5.870|
X4             |G              |    6.268|
---------------+---------------+---------+


Analysis completed Tue May 10 18:12:05 2016 
--------------------------------------------------------------------------------

Trace Settings:
-------------------------
Trace Settings 

Peak Memory Usage: 358 MB



