EN bin7seg_c_muser_bin7seg NULL /home/konda/Files/Programs/git/ORT/domaci3/bin7seg.vhf sub00/vhpl14 1462896624
AR bin7seg_c_muser_bin7seg behavioral /home/konda/Files/Programs/git/ORT/domaci3/bin7seg.vhf sub00/vhpl15 1462896625
MO bin7seg_e_MUSER_bin7seg NULL bin7seg.vf vlg28/bin7seg__e___m_u_s_e_r__bin7seg.bin 1462718114
MO OR6_MXILINX_bin7seg_a NULL bin7seg_a.vf vlg75/_o_r6___m_x_i_l_i_n_x__bin7seg__a.bin 1462718113
AR or6_mxilinx_bin7seg behavioral /home/konda/Files/Programs/git/ORT/domaci3/bin7seg.vhf sub00/vhpl01 1462896611
AR bin7seg_d_muser_bin7seg behavioral /home/konda/Files/Programs/git/ORT/domaci3/bin7seg.vhf sub00/vhpl13 1462896623
MO bin7seg_b_MUSER_bin7seg NULL bin7seg.vf vlg6D/bin7seg__b___m_u_s_e_r__bin7seg.bin 1462718114
EN bin7seg_g_muser_bin7seg NULL /home/konda/Files/Programs/git/ORT/domaci3/bin7seg.vhf sub00/vhpl06 1462896616
AR bin7seg_g behavioral /home/konda/Files/Programs/git/ORT/domaci3/bin7seg_g.vhf sub00/vhpl33 1462896645
AR bin7seg_e_muser_bin7seg behavioral /home/konda/Files/Programs/git/ORT/domaci3/bin7seg.vhf sub00/vhpl11 1462896621
AR bin7seg_e behavioral /home/konda/Files/Programs/git/ORT/domaci3/bin7seg_e.vhf sub00/vhpl29 1462896641
EN bin7seg_anx_muser_bin7seg NULL /home/konda/Files/Programs/git/ORT/domaci3/bin7seg.vhf sub00/vhpl34 1462896608
EN or6_mxilinx_bin7seg NULL /home/konda/Files/Programs/git/ORT/domaci3/bin7seg.vhf sub00/vhpl00 1462896610
EN bin7seg_d_muser_bin7seg NULL /home/konda/Files/Programs/git/ORT/domaci3/bin7seg.vhf sub00/vhpl12 1462896622
AR bin7seg_c behavioral /home/konda/Files/Programs/git/ORT/domaci3/bin7seg_c.vhf sub00/vhpl25 1462896637
MO bin7seg_f_MUSER_bin7seg NULL bin7seg.vf vlg11/bin7seg__f___m_u_s_e_r__bin7seg.bin 1462718114
AR bin7seg_anx behavioral /home/konda/Files/Programs/git/ORT/domaci3/bin7seg_anx.vhf sub00/vhpl37 1462896633
AR bin7seg_f_muser_bin7seg behavioral /home/konda/Files/Programs/git/ORT/domaci3/bin7seg.vhf sub00/vhpl09 1462896619
AR bin7seg behavioral /home/konda/Files/Programs/git/ORT/domaci3/bin7seg.vhf sub00/vhpl17 1462896627
AR bin7seg_a behavioral /home/konda/Files/Programs/git/ORT/domaci3/bin7seg_a.vhf sub00/vhpl21 1462896631
EN bin7seg_anx NULL /home/konda/Files/Programs/git/ORT/domaci3/bin7seg_anx.vhf sub00/vhpl36 1462896632
EN bin7seg_a_muser_bin7seg NULL /home/konda/Files/Programs/git/ORT/domaci3/bin7seg.vhf sub00/vhpl02 1462896612
MO bin7seg_c_MUSER_bin7seg NULL bin7seg.vf vlg56/bin7seg__c___m_u_s_e_r__bin7seg.bin 1462718114
AR bin7seg_g_muser_bin7seg behavioral /home/konda/Files/Programs/git/ORT/domaci3/bin7seg.vhf sub00/vhpl07 1462896617
EN bin7seg_e_muser_bin7seg NULL /home/konda/Files/Programs/git/ORT/domaci3/bin7seg.vhf sub00/vhpl10 1462896620
MO bin7seg_g_MUSER_bin7seg NULL bin7seg.vf vlg7A/bin7seg__g___m_u_s_e_r__bin7seg.bin 1462718114
AR or6_mxilinx_bin7seg_a behavioral /home/konda/Files/Programs/git/ORT/domaci3/bin7seg_a.vhf sub00/vhpl19 1462896629
MO OR6_MXILINX_bin7seg NULL bin7seg.vf vlg21/_o_r6___m_x_i_l_i_n_x__bin7seg.bin 1462718114
AR bin7seg_anx_muser_bin7seg behavioral /home/konda/Files/Programs/git/ORT/domaci3/bin7seg.vhf sub00/vhpl35 1462896609
AR bin7seg_f behavioral /home/konda/Files/Programs/git/ORT/domaci3/bin7seg_f.vhf sub00/vhpl31 1462896643
EN bin7seg_b_muser_bin7seg NULL /home/konda/Files/Programs/git/ORT/domaci3/bin7seg.vhf sub00/vhpl04 1462896614
EN or6_mxilinx_bin7seg_a NULL /home/konda/Files/Programs/git/ORT/domaci3/bin7seg_a.vhf sub00/vhpl18 1462896628
MO bin7seg_d_MUSER_bin7seg NULL bin7seg.vf vlg3F/bin7seg__d___m_u_s_e_r__bin7seg.bin 1462718114
AR bin7seg_d behavioral /home/konda/Files/Programs/git/ORT/domaci3/bin7seg_d.vhf sub00/vhpl27 1462896639
EN bin7seg_a NULL /home/konda/Files/Programs/git/ORT/domaci3/bin7seg_a.vhf sub00/vhpl20 1462896630
AR bin7seg_a_muser_bin7seg behavioral /home/konda/Files/Programs/git/ORT/domaci3/bin7seg.vhf sub00/vhpl03 1462896613
EN bin7seg_b NULL /home/konda/Files/Programs/git/ORT/domaci3/bin7seg_b.vhf sub00/vhpl22 1462896634
EN bin7seg_c NULL /home/konda/Files/Programs/git/ORT/domaci3/bin7seg_c.vhf sub00/vhpl24 1462896636
EN bin7seg_d NULL /home/konda/Files/Programs/git/ORT/domaci3/bin7seg_d.vhf sub00/vhpl26 1462896638
EN bin7seg_e NULL /home/konda/Files/Programs/git/ORT/domaci3/bin7seg_e.vhf sub00/vhpl28 1462896640
EN bin7seg_f NULL /home/konda/Files/Programs/git/ORT/domaci3/bin7seg_f.vhf sub00/vhpl30 1462896642
EN bin7seg_g NULL /home/konda/Files/Programs/git/ORT/domaci3/bin7seg_g.vhf sub00/vhpl32 1462896644
AR bin7seg_b behavioral /home/konda/Files/Programs/git/ORT/domaci3/bin7seg_b.vhf sub00/vhpl23 1462896635
MO bin7seg_a_MUSER_bin7seg NULL bin7seg.vf vlg04/bin7seg__a___m_u_s_e_r__bin7seg.bin 1462718114
EN bin7seg_f_muser_bin7seg NULL /home/konda/Files/Programs/git/ORT/domaci3/bin7seg.vhf sub00/vhpl08 1462896618
AR bin7seg_b_muser_bin7seg behavioral /home/konda/Files/Programs/git/ORT/domaci3/bin7seg.vhf sub00/vhpl05 1462896615
EN bin7seg NULL /home/konda/Files/Programs/git/ORT/domaci3/bin7seg.vhf sub00/vhpl16 1462896626
